This is ApacheBench, Version 2.3 <$Revision: 1879490 $>
Copyright 1996 Adam Twiss, Zeus Technology Ltd, http://www.zeustech.net/
Licensed to The Apache Software Foundation, http://www.apache.org/

Benchmarking localhost (be patient)


Server Software:        Java
Server Hostname:        localhost
Server Port:            8080

Document Path:          /K0OZ10951G56LZY88BPT
Document Length:        Variable

Concurrency Level:      15
Time taken for tests:   4.739 seconds
Complete requests:      100000
Failed requests:        0
Non-2xx responses:      100000
Keep-Alive requests:    0
Total transferred:      38900000 bytes
HTML transferred:       11900000 bytes
Requests per second:    21102.85 [#/sec] (mean)
Time per request:       0.711 [ms] (mean)
Time per request:       0.047 [ms] (mean, across all concurrent requests)
Transfer rate:          8016.61 [Kbytes/sec] received

Connection Times (ms)
              min  mean[+/-sd] median   max
Connect:        0    0   0.1      0       1
Processing:     0    0   0.1      0      12
Waiting:        0    0   0.1      0      11
Total:          0    1   0.1      1      12

Percentage of the requests served within a certain time (ms)
  50%      1
  66%      1
  75%      1
  80%      1
  90%      1
  95%      1
  98%      1
  99%      1
 100%     12 (longest request)
